// Jest Snapshot v1, https://goo.gl/fbAQLP

exports[`should show toast and auto hide 1`] = `
Array [
  Object {
    "payload": undefined,
    "type": "toast/clearToast",
  },
]
`;

exports[`should show toast and auto hide 2`] = `
Array [
  Object {
    "payload": undefined,
    "type": "toast/clearToast",
  },
]
`;
